<html>
<body>
<pre>
<h1>µVision Build Log</h1>
<h2>Tool Versions:</h2>
IDE-Version: ÂµVision V5.37.0.0
Copyright (C) 2022 ARM Ltd and ARM Germany GmbH. All rights reserved.
License Information: weikanggui wei, wei, LIC=X96CK-ZDTCC-562Q2-96Y4A-1IVF8-ZD5FU
 
Tool Versions:
Toolchain:       MDK-ARM Plus  Version: 5.37.0.0
Toolchain Path:  C:\Keil_v5\ARM\ARMCLANG\Bin
C Compiler:      ArmClang.exe V6.18
Assembler:       Armasm.exe V6.18
Linker/Locator:  ArmLink.exe V6.18
Library Manager: ArmAr.exe V6.18
Hex Converter:   FromElf.exe V6.18
CPU DLL:         SARMCM3.DLL V5.37.0.0
Dialog DLL:      DCM.DLL V1.17.5.0
Target DLL:      STLink\ST-LINKIII-KEIL_SWO.dll V3.0.9.0
Dialog DLL:      TCM.DLL V1.56.1.0
 
<h2>Project:</h2>
C:\Users\53433\Desktop\3hao\MEMS_Probe_hw02_V0.2_fw-20241208\MEMS_Probe_hw02_V0.2.uvprojx
Project File Date:  12/09/2024

<h2>Output:</h2>
*** Using Compiler 'V6.18', folder: 'C:\Keil_v5\ARM\ARMCLANG\Bin'
Rebuild target 'Target 1'
compiling AttitudeSolve.c...
compiling stm32g4xx_it.c...
compiling main.c...
compiling ringbuffer.c...
compiling mwd_interface.c...
compiling IIR_filter.c...
compiling CMDTask.c...
compiling DataProcess.c...
compiling WellLineSensor.c...
compiling UserStorage.c...
compiling UserApp.c...
compiling RV-3029-C2.c...
compiling qbus.c...
compiling USBD_User_MSC_0.c...
compiling user_usart.c...
compiling user_rtc.c...
assembling irq_armv7m.S...
compiling USBD_STM32G4xx.c...
compiling AD8557.c...
compiling rtx_delay.c...
compiling ADS8345.c...
compiling fsmc_nand.c...
compiling rtx_evr.c...
compiling rtx_evflags.c...
compiling rtx_lib.c...
compiling rtx_memory.c...
compiling rtx_kernel.c...
compiling rtx_mempool.c...
compiling rtx_msgqueue.c...
compiling RTX_Config.c...
compiling NAND_MemBus.c...
compiling rtx_system.c...
compiling rtx_semaphore.c...
compiling rtx_mutex.c...
compiling os_systick.c...
compiling rtx_timer.c...
compiling rtx_thread.c...
compiling retarget_io.c...
compiling EventRecorder.c...
compiling stm32g4xx_hal.c...
compiling stm32g4xx_hal_comp.c...
compiling stm32g4xx_hal_cordic.c...
compiling stm32g4xx_hal_adc_ex.c...
compiling stm32g4xx_hal_crc.c...
compiling stm32g4xx_hal_adc.c...
compiling stm32g4xx_hal_cortex.c...
compiling stm32g4xx_hal_crc_ex.c...
compiling stm32g4xx_hal_cryp.c...
compiling stm32g4xx_hal_cryp_ex.c...
compiling stm32g4xx_hal_dac.c...
compiling stm32g4xx_hal_dac_ex.c...
compiling stm32g4xx_hal_dma_ex.c...
compiling stm32g4xx_hal_dma.c...
compiling stm32g4xx_hal_fdcan.c...
compiling stm32g4xx_hal_exti.c...
compiling stm32g4xx_hal_flash.c...
compiling stm32g4xx_hal_flash_ex.c...
compiling stm32g4xx_hal_flash_ramfunc.c...
compiling stm32g4xx_hal_hrtim.c...
compiling stm32g4xx_hal_gpio.c...
compiling stm32g4xx_hal_fmac.c...
compiling stm32g4xx_hal_i2s.c...
compiling stm32g4xx_hal_i2c_ex.c...
compiling stm32g4xx_hal_irda.c...
compiling stm32g4xx_hal_lptim.c...
compiling stm32g4xx_hal_iwdg.c...
compiling stm32g4xx_hal_i2c.c...
compiling stm32g4xx_hal_nor.c...
compiling stm32g4xx_hal_opamp_ex.c...
compiling stm32g4xx_hal_opamp.c...
compiling stm32g4xx_hal_nand.c...
compiling stm32g4xx_hal_pcd.c...
compiling stm32g4xx_hal_pwr.c...
compiling stm32g4xx_hal_pcd_ex.c...
compiling stm32g4xx_hal_pwr_ex.c...
compiling stm32g4xx_hal_rcc.c...
compiling stm32g4xx_hal_rng.c...
compiling stm32g4xx_hal_qspi.c...
compiling stm32g4xx_hal_rcc_ex.c...
compiling stm32g4xx_hal_sai.c...
compiling stm32g4xx_hal_sai_ex.c...
compiling stm32g4xx_hal_rtc.c...
compiling stm32g4xx_hal_rtc_ex.c...
compiling stm32g4xx_hal_smartcard.c...
compiling stm32g4xx_hal_smartcard_ex.c...
compiling stm32g4xx_hal_smbus.c...
compiling stm32g4xx_hal_smbus_ex.c...
compiling stm32g4xx_hal_spi.c...
compiling stm32g4xx_hal_spi_ex.c...
compiling stm32g4xx_hal_sram.c...
compiling stm32g4xx_hal_uart_ex.c...
compiling stm32g4xx_hal_usart_ex.c...
compiling stm32g4xx_hal_usart.c...
compiling stm32g4xx_hal_uart.c...
compiling stm32g4xx_hal_tim_ex.c...
compiling stm32g4xx_hal_wwdg.c...
compiling stm32g4xx_ll_comp.c...
compiling stm32g4xx_ll_adc.c...
compiling stm32g4xx_ll_cordic.c...
compiling stm32g4xx_ll_crc.c...
compiling stm32g4xx_hal_tim.c...
compiling stm32g4xx_ll_crs.c...
compiling stm32g4xx_ll_dma.c...
compiling stm32g4xx_ll_fmc.c...
compiling stm32g4xx_ll_exti.c...
compiling stm32g4xx_ll_fmac.c...
compiling stm32g4xx_ll_dac.c...
compiling stm32g4xx_ll_gpio.c...
compiling stm32g4xx_ll_i2c.c...
compiling stm32g4xx_ll_hrtim.c...
compiling stm32g4xx_ll_lpuart.c...
compiling stm32g4xx_ll_lptim.c...
compiling stm32g4xx_ll_opamp.c...
compiling stm32g4xx_ll_pwr.c...
compiling stm32g4xx_ll.c...
compiling stm32g4xx_ll_rng.c...
compiling stm32g4xx_ll_rcc.c...
compiling stm32g4xx_ll_spi.c...
compiling stm32g4xx_ll_ucpd.c...
compiling stm32g4xx_ll_rtc.c...
compiling stm32g4xx_ll_tim.c...
compiling stm32g4xx_ll_usart.c...
compiling stm32g4xx_ll_utils.c...
assembling startup_stm32g474xx.s...
compiling stm32g4xx_ll_usb.c...
compiling FS_Config.c...
compiling FS_Debug.c...
compiling USB_Debug.c...
compiling system_stm32g4xx.c...
compiling USBD_Config_0.c...
compiling stm32g4xx_hal_msp.c...
linking...
Program Size: Code=172992 RO-data=6268 RW-data=616 ZI-data=126448  
".\Objects\HT_Probe_0_2.axf" - 0 Error(s), 0 Warning(s).

<h2>Software Packages used:</h2>

Package Vendor: ARM
                http://www.keil.com/pack/ARM.CMSIS.5.9.0.pack
                ARM.CMSIS.5.9.0
                CMSIS (Common Microcontroller Software Interface Standard)
   * Component: NAND Version: 2.4.0
   * Component: USB Device Version: 2.3.0
   * Component: RTOS2 Version: 2.1.3
   * Component: Custom Version: 1.0.0
   * Component: CORE Version: 5.6.0
   * Component: Keil RTX5 Variant: Source Version: 5.5.4

Package Vendor: ARM
                http://www.keil.com/pack/ARM.CMSIS-Driver.2.7.1.pack
                ARM.CMSIS-Driver.2.7.1
                CMSIS Drivers for external devices
   * Component: Memory Bus Version: 1.1.0

Package Vendor: Keil
                https://www.keil.com/pack/Keil.ARM_Compiler.1.7.2.pack
                Keil.ARM_Compiler.1.7.2
                Keil ARM Compiler extensions for ARM Compiler 5 and ARM Compiler 6
   * Component: Event Recorder Variant: DAP Version: 1.5.1
   * Component: File Variant: File System Version: 1.2.0
   * Component: STDOUT Variant: EVR Version: 1.2.0

Package Vendor: Keil
                project-path/Keil.FrameworkCubeMX.1.0.0.pack
                Keil.FrameworkCubeMX.1.0.0
                STM32CubeMX generated pack description
   * Component: STM32CubeMX Version: 1.4.0
   * Component: Startup Version: 1.4.0

Package Vendor: Keil
                https://www.keil.com/pack/Keil.MDK-Middleware.7.15.0.pack
                Keil.MDK-Middleware.7.15.0
                Middleware for Keil MDK-Professional and MDK-Plus
   * Component: CORE Variant: LFN Debug Version: 6.15.0
   * Component: NAND Version: 6.15.0
   * Component: CORE Variant: Debug Version: 6.16.0
   * Component: Device Version: 6.16.0
   * Component: MSC Version: 6.16.0

Package Vendor: Keil
                https://www.keil.com/pack/Keil.STM32G4xx_DFP.1.5.0.pack
                Keil.STM32G4xx_DFP.1.5.0
                STMicroelectronics STM32G4 Series Device Support, Drivers and Examples
   * Component: STM32Cube Framework Version: 1.1.0
   * Component: STM32Cube HAL Version: 1.4.0

<h2>Collection of Component include folders:</h2>
  ./RTE/CMSIS
  ./RTE/CMSIS_Driver
  ./RTE/Compiler
  ./RTE/Device/STM32G474VETx
  ./RTE/Device/STM32G474VETx/STCubeGenerated
  ./RTE/Device/STM32G474VETx/STCubeGenerated/Inc
  ./RTE/File_System
  ./RTE/USB
  ./RTE/_Target_1
  C:/Users/53433/AppData/Local/Arm/Packs/ARM/CMSIS/5.9.0/CMSIS/Core/Include
  C:/Users/53433/AppData/Local/Arm/Packs/ARM/CMSIS/5.9.0/CMSIS/Driver/Include
  C:/Users/53433/AppData/Local/Arm/Packs/ARM/CMSIS/5.9.0/CMSIS/RTOS2/Include
  C:/Users/53433/AppData/Local/Arm/Packs/ARM/CMSIS/5.9.0/CMSIS/RTOS2/RTX/Include
  C:/Users/53433/AppData/Local/Arm/Packs/Keil/ARM_Compiler/1.7.2/Include
  C:/Users/53433/AppData/Local/Arm/Packs/Keil/MDK-Middleware/7.15.0/FileSystem/Include
  C:/Users/53433/AppData/Local/Arm/Packs/Keil/MDK-Middleware/7.15.0/USB/Include
  C:/Users/53433/AppData/Local/Arm/Packs/Keil/STM32G4xx_DFP/1.5.0/Drivers/CMSIS/Device/ST/STM32G4xx/Include
  C:/Users/53433/AppData/Local/Arm/Packs/Keil/STM32G4xx_DFP/1.5.0/Drivers/STM32G4xx_HAL_Driver/Inc

<h2>Collection of Component Files used:</h2>

   * Component: ::CMSIS Driver:NAND:2.4.0 (API)
      Include file:  CMSIS/Driver/Include/Driver_NAND.h

   * Component: ::CMSIS Driver:USB Device:2.3.0 (API)
      Include file:  CMSIS/Driver/Include/Driver_USBD.h

   * Component: ::CMSIS:RTOS2:2.1.3 (API)
      Include file:  CMSIS/RTOS2/Include/cmsis_os2.h

   * Component: ::Device:STM32Cube Framework:1.1.0 (API)

   * Component: ARM::CMSIS Driver:USB Device:Custom:1.0.0
      Source file:   CMSIS/Driver/DriverTemplates/Driver_USBD.c
      Include file:  CMSIS/Driver/Include/Driver_USBD.h

   * Component: ARM::CMSIS:CORE:5.6.0

   * Component: ARM::CMSIS:RTOS2:Keil RTX5:Source:5.5.4
      Source file:   CMSIS/RTOS2/RTX/Source/GCC/irq_armv7m.S
      Source file:   CMSIS/RTOS2/Source/os_systick.c
      Source file:   CMSIS/RTOS2/RTX/Source/rtx_semaphore.c
      Source file:   CMSIS/RTOS2/RTX/Source/rtx_memory.c
      Source file:   CMSIS/RTOS2/RTX/Source/rtx_evflags.c
      Source file:   CMSIS/RTOS2/RTX/Config/RTX_Config.c
      Source file:   CMSIS/RTOS2/RTX/Template/MsgQueue.c
      Source file:   CMSIS/RTOS2/RTX/Template/Mutex.c
      Source file:   CMSIS/RTOS2/RTX/Template/Timer.c
      Source file:   CMSIS/RTOS2/RTX/Template/svc_user.c
      Source file:   CMSIS/RTOS2/RTX/Template/Thread.c
      Source file:   CMSIS/RTOS2/RTX/Template/MemPool.c
      Source file:   CMSIS/RTOS2/RTX/Source/rtx_kernel.c
      Source file:   CMSIS/RTOS2/RTX/Template/main.c
      Source file:   CMSIS/RTOS2/RTX/Source/rtx_thread.c
      Include file:  CMSIS/RTOS2/RTX/Include/rtx_os.h
      Source file:   CMSIS/RTOS2/RTX/Template/Events.c
      Source file:   CMSIS/RTOS2/RTX/Template/Semaphore.c
      Include file:  CMSIS/RTOS2/RTX/Config/RTX_Config.h
      Source file:   CMSIS/RTOS2/RTX/Source/rtx_delay.c
      Source file:   CMSIS/RTOS2/RTX/Source/rtx_timer.c
      Source file:   CMSIS/RTOS2/RTX/Source/rtx_mutex.c
      Source file:   CMSIS/RTOS2/RTX/Source/rtx_lib.c
      Source file:   CMSIS/RTOS2/RTX/Source/rtx_mempool.c
      Source file:   CMSIS/RTOS2/RTX/Source/rtx_msgqueue.c
      Source file:   CMSIS/RTOS2/RTX/Source/rtx_system.c
      Source file:   CMSIS/RTOS2/RTX/Source/rtx_evr.c

   * Component: Keil.ARM Compiler::Compiler:Event Recorder:DAP:1.5.1
      Include file:  Config/EventRecorderConf.h
      Source file:   Source/EventRecorder.c
      Include file:  Include/EventRecorder.h

   * Component: Keil.ARM Compiler::Compiler:I/O:File:File System:1.2.0
      Source file:   Source/retarget_io.c

   * Component: Keil.ARM Compiler::Compiler:I/O:STDOUT:EVR:1.2.0
      Source file:   Source/retarget_io.c

   * Component: Keil.MDK-Plus::File System:CORE:LFN Debug:6.15.0
      Include file:  FileSystem/Include/rl_fs.h
      Source file:   FileSystem/Config/FS_Config.c
      Source file:   FileSystem/Config/FS_Debug.c
      Library file:  FileSystem/Lib/ARM/FS_Dbg_LFN_CM3_L.lib

   * Component: Keil.MDK-Plus::File System:Drive:NAND:6.15.0
      Include file:  FileSystem/Config/FS_Config_NAND.h

   * Component: Keil.MDK-Plus::USB:CORE:Debug:6.16.0
      Include file:  USB/Include/rl_usb.h
      Library file:  USB/Lib/ARM/USB_Dbg_CM3_L.lib
      Source file:   USB/Config/USB_Debug.c

   * Component: Keil.MDK-Plus::USB:Device:6.16.0
      Source file:   USB/Config/USBD_Config.c
      Source file:   USB/Template/USBD_User_Device.c
      Source file:   USB/Template/USBD_User_Device_SerNum.c

   * Component: Keil.MDK-Plus::USB:Device:MSC:6.16.0
      Source file:   USB/Template/USBD_User_MSC_LUN.c
      Include file:  USB/Config/USBD_Config_MSC.h
      Source file:   USB/Template/USBD_MSC.c
      Source file:   USB/Template/USBD_MSC.h
      Source file:   USB/Template/USBD_User_MSC.c

   * Component: Keil.STM32CubeMX::Device:STM32Cube Framework:STM32CubeMX:1.4.0
      Include file:  STCubeGenerated/Inc/stm32g4xx_hal_conf.h
      Source file:   STCubeGenerated/Src/stm32g4xx_hal_msp.c
      Include file:  MX_Device.h

   * Component: Keil.STM32CubeMX::Device:STM32Cube HAL:1.4.0
      Source file:   MDK/Driver/stm32g4xx_ll.c
      Source file:   Drivers/STM32G4xx_HAL_Driver/Src/stm32g4xx_hal.c
      Source file:   Drivers/STM32G4xx_HAL_Driver/Src/stm32g4xx_hal_crc_ex.c
      Source file:   Drivers/STM32G4xx_HAL_Driver/Src/stm32g4xx_hal_fmac.c
      Source file:   Drivers/STM32G4xx_HAL_Driver/Src/stm32g4xx_hal_fdcan.c
      Source file:   Drivers/STM32G4xx_HAL_Driver/Src/stm32g4xx_hal_cryp.c
      Source file:   Drivers/STM32G4xx_HAL_Driver/Src/stm32g4xx_hal_flash.c
      Source file:   Drivers/STM32G4xx_HAL_Driver/Src/stm32g4xx_hal_hrtim.c
      Source file:   Drivers/STM32G4xx_HAL_Driver/Src/stm32g4xx_hal_iwdg.c
      Source file:   Drivers/STM32G4xx_HAL_Driver/Src/stm32g4xx_hal_nand.c
      Source file:   Drivers/STM32G4xx_HAL_Driver/Src/stm32g4xx_hal_dma.c
      Source file:   Drivers/STM32G4xx_HAL_Driver/Src/stm32g4xx_hal_dac.c
      Source file:   Drivers/STM32G4xx_HAL_Driver/Src/stm32g4xx_hal_exti.c
      Source file:   Drivers/STM32G4xx_HAL_Driver/Src/stm32g4xx_hal_flash_ex.c
      Source file:   Drivers/STM32G4xx_HAL_Driver/Src/stm32g4xx_hal_flash_ramfunc.c
      Source file:   Drivers/STM32G4xx_HAL_Driver/Src/stm32g4xx_hal_irda.c
      Source file:   Drivers/STM32G4xx_HAL_Driver/Src/stm32g4xx_hal_gpio.c
      Source file:   Drivers/STM32G4xx_HAL_Driver/Src/stm32g4xx_hal_i2s.c
      Source file:   Drivers/STM32G4xx_HAL_Driver/Src/stm32g4xx_hal_opamp_ex.c
      Source file:   Drivers/STM32G4xx_HAL_Driver/Src/stm32g4xx_hal_pcd.c
      Source file:   Drivers/STM32G4xx_HAL_Driver/Src/stm32g4xx_hal_cortex.c
      Source file:   Drivers/STM32G4xx_HAL_Driver/Src/stm32g4xx_hal_adc_ex.c
      Source file:   Drivers/STM32G4xx_HAL_Driver/Src/stm32g4xx_hal_comp.c
      Source file:   Drivers/STM32G4xx_HAL_Driver/Src/stm32g4xx_hal_cryp_ex.c
      Source file:   Drivers/STM32G4xx_HAL_Driver/Src/stm32g4xx_hal_i2c.c
      Source file:   Drivers/STM32G4xx_HAL_Driver/Src/stm32g4xx_hal_nor.c
      Source file:   Drivers/STM32G4xx_HAL_Driver/Src/stm32g4xx_hal_crc.c
      Source file:   Drivers/STM32G4xx_HAL_Driver/Src/stm32g4xx_hal_dac_ex.c
      Source file:   Drivers/STM32G4xx_HAL_Driver/Src/stm32g4xx_hal_dma_ex.c
      Source file:   Drivers/STM32G4xx_HAL_Driver/Src/stm32g4xx_hal_i2c_ex.c
      Source file:   Drivers/STM32G4xx_HAL_Driver/Src/stm32g4xx_hal_lptim.c
      Source file:   Drivers/STM32G4xx_HAL_Driver/Src/stm32g4xx_hal_opamp.c
      Source file:   Drivers/STM32G4xx_HAL_Driver/Src/stm32g4xx_hal_adc.c
      Source file:   Drivers/STM32G4xx_HAL_Driver/Src/stm32g4xx_hal_cordic.c
      Source file:   Drivers/STM32G4xx_HAL_Driver/Src/stm32g4xx_ll_cordic.c
      Source file:   Drivers/STM32G4xx_HAL_Driver/Src/stm32g4xx_ll_crs.c
      Source file:   Drivers/STM32G4xx_HAL_Driver/Src/stm32g4xx_hal_qspi.c
      Source file:   Drivers/STM32G4xx_HAL_Driver/Src/stm32g4xx_hal_rng.c
      Source file:   Drivers/STM32G4xx_HAL_Driver/Src/stm32g4xx_hal_smartcard.c
      Source file:   Drivers/STM32G4xx_HAL_Driver/Src/stm32g4xx_hal_rtc_ex.c
      Source file:   Drivers/STM32G4xx_HAL_Driver/Src/stm32g4xx_hal_sai.c
      Source file:   Drivers/STM32G4xx_HAL_Driver/Src/stm32g4xx_hal_smartcard_ex.c
      Source file:   Drivers/STM32G4xx_HAL_Driver/Src/stm32g4xx_hal_smbus.c
      Source file:   Drivers/STM32G4xx_HAL_Driver/Src/stm32g4xx_hal_spi.c
      Source file:   Drivers/STM32G4xx_HAL_Driver/Src/stm32g4xx_hal_pwr_ex.c
      Source file:   Drivers/STM32G4xx_HAL_Driver/Src/stm32g4xx_hal_sram.c
      Source file:   Drivers/STM32G4xx_HAL_Driver/Src/stm32g4xx_hal_sai_ex.c
      Source file:   Drivers/STM32G4xx_HAL_Driver/Src/stm32g4xx_hal_wwdg.c
      Source file:   Drivers/STM32G4xx_HAL_Driver/Src/stm32g4xx_hal_pwr.c
      Source file:   Drivers/STM32G4xx_HAL_Driver/Src/stm32g4xx_ll_dma.c
      Source file:   Drivers/STM32G4xx_HAL_Driver/Src/stm32g4xx_hal_rcc.c
      Source file:   Drivers/STM32G4xx_HAL_Driver/Src/stm32g4xx_hal_usart_ex.c
      Source file:   Drivers/STM32G4xx_HAL_Driver/Src/stm32g4xx_ll_adc.c
      Source file:   Drivers/STM32G4xx_HAL_Driver/Src/stm32g4xx_ll_dac.c
      Source file:   Drivers/STM32G4xx_HAL_Driver/Src/stm32g4xx_hal_smbus_ex.c
      Source file:   Drivers/STM32G4xx_HAL_Driver/Src/stm32g4xx_hal_usart.c
      Source file:   Drivers/STM32G4xx_HAL_Driver/Src/stm32g4xx_ll_comp.c
      Source file:   Drivers/STM32G4xx_HAL_Driver/Src/stm32g4xx_ll_crc.c
      Source file:   Drivers/STM32G4xx_HAL_Driver/Src/stm32g4xx_hal_pcd_ex.c
      Source file:   Drivers/STM32G4xx_HAL_Driver/Src/stm32g4xx_hal_rcc_ex.c
      Source file:   Drivers/STM32G4xx_HAL_Driver/Src/stm32g4xx_hal_spi_ex.c
      Source file:   Drivers/STM32G4xx_HAL_Driver/Src/stm32g4xx_hal_tim.c
      Source file:   Drivers/STM32G4xx_HAL_Driver/Src/stm32g4xx_hal_tim_ex.c
      Source file:   Drivers/STM32G4xx_HAL_Driver/Src/stm32g4xx_hal_rtc.c
      Source file:   Drivers/STM32G4xx_HAL_Driver/Src/stm32g4xx_hal_uart.c
      Source file:   Drivers/STM32G4xx_HAL_Driver/Src/stm32g4xx_hal_uart_ex.c
      Source file:   Drivers/STM32G4xx_HAL_Driver/Src/stm32g4xx_ll_lpuart.c
      Source file:   Drivers/STM32G4xx_HAL_Driver/Src/stm32g4xx_ll_ucpd.c
      Source file:   Drivers/STM32G4xx_HAL_Driver/Src/stm32g4xx_ll_rtc.c
      Source file:   Drivers/STM32G4xx_HAL_Driver/Src/stm32g4xx_ll_fmac.c
      Source file:   Drivers/STM32G4xx_HAL_Driver/Src/stm32g4xx_ll_gpio.c
      Source file:   Drivers/STM32G4xx_HAL_Driver/Src/stm32g4xx_ll_hrtim.c
      Source file:   Drivers/STM32G4xx_HAL_Driver/Src/stm32g4xx_ll_spi.c
      Source file:   Drivers/STM32G4xx_HAL_Driver/Src/stm32g4xx_ll_opamp.c
      Source file:   Drivers/STM32G4xx_HAL_Driver/Src/stm32g4xx_ll_usart.c
      Source file:   Drivers/STM32G4xx_HAL_Driver/Src/stm32g4xx_ll_i2c.c
      Source file:   Drivers/STM32G4xx_HAL_Driver/Src/stm32g4xx_ll_rng.c
      Source file:   Drivers/STM32G4xx_HAL_Driver/Src/stm32g4xx_ll_usb.c
      Source file:   Drivers/STM32G4xx_HAL_Driver/Src/stm32g4xx_ll_utils.c
      Source file:   Drivers/STM32G4xx_HAL_Driver/Src/stm32g4xx_ll_exti.c
      Source file:   Drivers/STM32G4xx_HAL_Driver/Src/stm32g4xx_ll_pwr.c
      Source file:   Drivers/STM32G4xx_HAL_Driver/Src/stm32g4xx_ll_fmc.c
      Source file:   Drivers/STM32G4xx_HAL_Driver/Src/stm32g4xx_ll_tim.c
      Source file:   Drivers/STM32G4xx_HAL_Driver/Src/stm32g4xx_ll_lptim.c
      Source file:   Drivers/STM32G4xx_HAL_Driver/Src/stm32g4xx_ll_rcc.c

   * Component: Keil.STM32CubeMX::Device:Startup:1.4.0
      Source file:   STCubeGenerated/MDK-ARM/startup_stm32g474xx.s
      Source file:   STCubeGenerated/Src/system_stm32g4xx.c

   * Component: Keil::CMSIS Driver:NAND:Memory Bus:1.1.0
      Include file:  Config/NAND_MemBus_Config.h
      Source file:   NAND/NAND_MemBus.c
Build Time Elapsed:  00:00:06
</pre>
</body>
</html>
